C51 COMPILER V9.60.0.0   MAIN                                                              12/27/2023 11:38:56 PAGE 1   


C51 COMPILER V9.60.0.0, COMPILATION OF MODULE MAIN
OBJECT MODULE PLACED IN .\hex\main.obj
COMPILER INVOKED BY: C:\Keil_C51\C51\BIN\C51.EXE Source\main.c LARGE OPTIMIZE(8,SPEED) BROWSE DEBUG OBJECTEXTEND PRINT(.
                    -\main.lst) TABS(2) OBJECT(.\hex\main.obj)

line level    source

   1          #include "main.h"
   2          
   3          void main(void)
   4          {
   5   1        ntc.T0_CNT = 0;
   6   1      #ifdef Debug_EN
                UartInit();
              #endif
   9   1        Init_ADC();
  10   1        PWM_PCA_Init();
  11   1        Timer0_Init();
  12   1        //  Timer2_Init();
  13   1        initial_lcd();  // 初始化
  14   1        clear_screen(); // 清屏
  15   1        display_string_16x16(1, 1, "运行");
  16   1        display_string_8x16(1, 8 * 4 + 3, ":");
  17   1      
  18   1        display_string_16x16(3, 1, "设定");
  19   1        display_string_8x16(3, 35, ":");
  20   1        display_string_16x16(3, 8 * 14, "度");
  21   1      
  22   1        display_string_16x16(5, 1, "当前");
  23   1        display_string_8x16(5, 35, ":");
  24   1        display_string_16x16(5, 8 * 14, "度");
  25   1      
  26   1        display_string_16x16(7, 1, "输出");
  27   1        display_string_8x16(7, 35, ":");
  28   1        display_string_8x16(7, 8 * 14, "%");
  29   1      
  30   1        PIDParament_Init();
  31   1        ntc.Hour = 0;
  32   1        ntc.Min = 0;
  33   1        ntc.Second = 0;
  34   1        ntc.Tick = 0;
  35   1      
  36   1        // printf("Main_Start\r\n");
  37   1         
  38   1        while (1)
  39   1        {
  40   2          key_handle();
  41   2          Cool_handle();
  42   2        }
  43   1      }


MODULE INFORMATION:   STATIC OVERLAYABLE
   CODE SIZE        =    217    ----
   CONSTANT SIZE    =     27    ----
   XDATA SIZE       =   ----    ----
   PDATA SIZE       =   ----    ----
   DATA SIZE        =   ----    ----
   IDATA SIZE       =   ----    ----
   BIT SIZE         =   ----    ----
END OF MODULE INFORMATION.

C51 COMPILER V9.60.0.0   MAIN                                                              12/27/2023 11:38:56 PAGE 2   


C51 COMPILATION COMPLETE.  0 WARNING(S),  0 ERROR(S)
